// Jest Snapshot v1, https://goo.gl/fbAQLP

exports[`Button Component snapshot has not changed 1`] = `
<div>
  <button
    class="css-24dw16-Button"
  >
    Test
  </button>
</div>
`;
