// Jest Snapshot v1, https://goo.gl/fbAQLP

exports[`Button snapshot has not changed 1`] = `
<div>
  <button
    class="button css-50ddk5-Button"
  >
    Test
  </button>
</div>
`;
